[www.aud.edu/index.html]
[backblue.gif]
[fade.gif]
[index.html]
[www.aud.edu/media/gefivtrt/audfront-coverslider-ea.jpg]
[www.aud.edu/media/1461/favicon.ico]
[www.aud.edu/dist/css/app.min30f4.css]
[www.aud.edu/dist/css/Icon_style.css]
[www.aud.edu/dist/owl.carousel.css]
[www.aud.edu/dist/marquee5e1f.css]
[cdn.jsdelivr.net/npm/cookieconsent@3/build/cookieconsent.min.css]
[connect.facebook.net/en_US/fbevents.js]
[www.aud.edu/media/adknnwzb/topstripbg.jpg]
[www.aud.edu/media/zlcobgzz/aud-logo-blue.png]
[www.aud.edu/university-overview/upcoming-webinars-and-workshops/index.html]
[www.aud.edu/university-overview/index.html]
[www.aud.edu/university-overview/mission/index.html]
[www.aud.edu/university-overview/accreditations/index.html]
[www.aud.edu/university-overview/why-study-at-aud/index.html]
[www.aud.edu/university-overview/history/index.html]
[www.aud.edu/university-overview/aud-leadership/office-of-the-president/index.html]
[www.aud.edu/university-overview/aud-leadership/index.html]
[www.aud.edu/media/2396/fj1_3335_color76a2.jpg]
[www.aud.edu/updates-on-covid-19/index.html]
[www.aud.edu/university-overview/aud-leadership/office-of-the-president/presidents-cabinet/index.html]
[www.aud.edu/media/ctwpdmej/empoweing_fj1765976a2.jpg]
[www.aud.edu/university-overview/rankings/index.html]
[www.aud.edu/university-overview/aud-leadership/office-of-the-president/presidents-awards/index.html]
[www.aud.edu/university-overview/facts-and-figures/index.html]
[www.aud.edu/media/xexmieme/explore_fj1769376a2.jpg]
[www.aud.edu/aud-publications/index.html]
[www.aud.edu/media/ud0hcfgr/life_fj1779376a2.jpg]
[www.aud.edu/university-overview/employment/index.html]
[www.aud.edu/admissions/undergraduate-program/index.html]
[www.aud.edu/media/dloots5e/exploreexperience_fj1798676a2.jpg]
[www.aud.edu/aud-school/school-of-architecture-art-design/departments/department-of-architecture/department-programs/bachelor-of-architecture-b-arch/index.html]
[www.aud.edu/media/tttnkbea/bassil-fd0_2328-alumnic8bf.jpg]
[www.aud.edu/aud-school/school-of-arts-sciences/departments/department-of-international-and-middle-eastern-/department-programs/bachelor-of-arts-in-in/index.html]
[www.aud.edu/aud-school/school-of-arts-sciences/departments/department-of-psychology/department-programs/bachelor-of-arts-in-psychology-b-a-in-psy/index.html]
[www.aud.edu/media/tttnkbea/bassil-fd0_2328-alumni.jpg]
[www.aud.edu/aud-school/mohammed-bin-rashid-school-for-communication/programs/bachelor-of-communication-and-information-studies-b-c-i-s/index.html]
[www.aud.edu/aud-school/school-of-business-administration/programs/bachelor-of-business-administration-b-b-a/index.html]
[www.aud.edu/aud-school/school-of-architecture-art-design/departments/department-of-interior-design/department-programs/bachelor-of-fine-arts-b-f-a-in/index.html]
[www.aud.edu/media/1899/fd0_2457-alumnic8bf.jpg]
[www.aud.edu/aud-school/school-of-architecture-art-design/departments/department-of-visual-communication/department-programs/bachelor-of-fine-arts-b-f/index.html]
[www.aud.edu/aud-school/school-of-engineering/departments/department-of-civil-engineering/department-programs/bachelor-of-science-in-civil-engineering/index.html]
[www.aud.edu/aud-school/school-of-arts-sciences/programs/bachelor-of-science-in-biology/index.html]
[www.aud.edu/media/1899/fd0_2457-alumni.jpg]
[www.aud.edu/aud-school/school-of-engineering/departments/department-of-electrical-and-computer-engineeri/department-programs/bachelor-of-science-in-c/index.html]
[www.aud.edu/aud-school/school-of-engineering/departments/department-of-mechanical-engineering/department-programs/bachelor-of-science-in-mechanical-e/index.html]
[www.aud.edu/media/lf3frmbf/bilal-sabouni-standardbgc8bf.jpg]
[www.aud.edu/aud-school/school-of-engineering/departments/department-of-electrical-and-computer-engineeri/department-programs/bachelor-of-science-in-e/index.html]
[www.aud.edu/aud-school/school-of-business-administration/programs/mmu-international-progression-program/index.html]
[www.aud.edu/media/lf3frmbf/bilal-sabouni-standardbg.jpg]
[www.aud.edu/admissions/graduate/index.html]
[www.aud.edu/aud-school/school-of-business-administration/programs/master-of-arts-in-intellectual-property-and-innovation-management-ma-ipim/index.html]
[www.aud.edu/media/2359/fj1_2428-color_new-compressor76a2.jpg]
[www.aud.edu/aud-school/school-of-arts-sciences/departments/department-of-international-and-middle-eastern-/department-programs/master-of-arts-in-inte/index.html]
[www.aud.edu/aud-school/mohammed-bin-rashid-school-for-communication/programs/master-of-arts-m-a-in-leadership-and-innovation-in-contemporary-media/index.html]
[www.aud.edu/media/w0ylcx2f/diverse_fj1817576a2.jpg]
[www.aud.edu/aud-school/school-of-business-administration/programs/master-of-business-administration-m-b-a/index.html]
[www.aud.edu/media/z4odichm/homebiology_fj18618.jpg]
[www.aud.edu/aud-school/school-of-education/programs/master-of-education-m-ed/index.html]
[www.aud.edu/aud-school/school-of-business-administration/programs/executive-master-of-business-administration-e-m-b-a/index.html]
[www.aud.edu/aud-school/school-of-engineering/departments/department-of-civil-engineering/department-programs/master-of-science-in-construction-manage/index.html]
[www.aud.edu/media/c4dlhjau/virtualtour-dji_0853-pano.jpg]
[www.aud.edu/aud-school/school-of-architecture-art-design/departments/department-of-architecture/department-programs/master-of-urban-design-and-digita/index.html]
[www.aud.edu/schools-and-departments/certificate-programs/index.html]
[www.aud.edu/media/q2hhdjra/360virtualtour.png]
[www.aud.edu/schools-and-departments/schools/center-for-english-proficiency/index.html]
[www.aud.edu/admissions/undergraduate/undergraduate-admissions/index.html]
[www.aud.edu/admissions/undergraduate/undergraduate-transfer-students/index.html]
[www.aud.edu/admissions/undergraduate/forms/index.html]
[www.aud.edu/media/3ogirtyy/rankings-dji_0038.jpg]
[www.aud.edu/admissions/graduate-1/graduate-admissions/index.html]
[www.aud.edu/admissions/graduate-1/selection-criteria/index.html]
[www.aud.edu/admissions/graduate-1/transfer-credits/index.html]
[www.aud.edu/admissions/graduate-1/graduate-forms/index.html]
[www.aud.edu/admissions/certificate-programs/admissions-essentials/index.html]
[www.aud.edu/admissions/visiting-incoming-study-abroad-applications/index.html]
[www.aud.edu/media/u3yfydnm/slidermba-web.jpg]
[www.aud.edu/admissions/undergraduate/placement-tests/index.html]
[www.aud.edu/admissions/scholarships/index.html]
[www.aud.edu/media/yvjpj31o/mmuprogram.jpg]
[www.aud.edu/admissions/prospective-students/visa-information/index.html]
[www.aud.edu/media/1141/bg_2.jpg]
[www.aud.edu/admissions/academic-calendar-and-application-deadlines/index.html]
[www.aud.edu/university-overview/administrative-offices/course-schedule-registration-deadlines/index.html]
[www.aud.edu/university-overview/administrative-offices/office-of-finance/index.html]
[www.aud.edu/university-overview/administrative-offices/admissions-events/index.html]
[www.aud.edu/media/hj1gqgx2/bg_latest7-2.jpg]
[www.aud.edu/university-overview/aud-leadership/office-of-the-provost/academic-advising/index.html]
[www.aud.edu/media/ps0puzin/website-latest-2.jpg]
[www.aud.edu/university-overview/aud-leadership/office-of-the-provost/research-at-aud/index.html]
[www.aud.edu/university-overview/aud-leadership/office-of-the-provost/index.html]
[www.aud.edu/media/1slpux2a/website-latest-1.jpg]
[www.aud.edu/schools-and-departments/index.html]
[www.aud.edu/centers-at-aud/index.html]
[www.aud.edu/media/rfgnaj11/website-latest-6.jpg]
[www.aud.edu/university-overview/quality-enhancement-plan/index.html]
[www.aud.edu/aud/media/1861/aud-movie-resized.png]
[www.aud.edu/faculty-and-staff-resources/index.html]
[www.aud.edu/media/hqzgxx2c/bassilfd0_2328-alumni4940.jpg]
[www.aud.edu/university-overview/administrative-offices/registrar/registrar-overview/index.html]
[www.aud.edu/admissions/aspi-partners/index.html]
[www.aud.edu/media/cdynaudp/danafd0_2457-alumni4940.jpg]
[www.aud.edu/on-aud-campus/index.html]
[www.aud.edu/university-overview/faculty/index.html]
[www.aud.edu/on-aud-campus/student-life/index.html]
[www.aud.edu/aud/media/1863/bilal-sabouni-standard4940.jpg]
[www.aud.edu/on-aud-campus/student-affairs/personal-counseling/index.html]
[www.aud.edu/student-resources/index.html]
[www.aud.edu/media/hqzgxx2c/bassilfd0_2328-alumniff0f.jpg]
[www.aud.edu/study-abroad-and-exchange/index.html]
[www.aud.edu/on-aud-campus/student-affairs/alumni/index.html]
[www.aud.edu/media/cdynaudp/danafd0_2457-alumniff0f.jpg]
[www.aud.edu/on-aud-campus/accommodation/index.html]
[www.aud.edu/aud/media/1863/bilal-sabouni-standardff0f.jpg]
[www.aud.edu/university-overview/administrative-offices/index.html]
[www.aud.edu/university-overview/administrative-offices/office-of-central-services/index.html]
[www.aud.edu/university-overview/faq/index.html]
[www.aud.edu/university-overview/administrative-offices/office-of-communications/index.html]
[www.aud.edu/on-aud-campus/accommodation/health-center/index.html]
[www.aud.edu/university-overview/administrative-offices/office-of-external-outreach-and-career-development/index.html]
[www.aud.edu/university-overview/administrative-offices/office-of-human-resources/index.html]
[www.aud.edu/university-overview/administrative-offices/registrar/index.html]
[www.aud.edu/on-aud-campus/student-affairs/index.html]
[www.aud.edu/university-overview/staff/index.html]
[www.aud.edu/university-overview/events/index.html]
[www.aud.edu/university-overview/news/index.html]
[www.aud.edu/booking-appointment/index.html]
[www.aud.edu/on-aud-campus/campus-facilities/index.html]
[www.aud.edu/get-in-touch/index.html]
[www.aud.edu/all-news/rankings/index.html]
[www.aud.edu/admissions/index.html]
[www.aud.edu/university-overview/administrative-offices/office-of-communications/newsletters/index.html]
[www.aud.edu/all-news/success-stories-emerging-from-american-university-of-dubai-s-entrepreneurship-and-innovation-center-aeic/index.html]
[www.aud.edu/all-news/the-press-report-competition/index.html]
[www.aud.edu/all-events/crid-webinar-series-metaprops-a-dedicated-digital-architecture-nft-marketplace-build-management-tool/index.html]
[www.aud.edu/all-news/supermodule-recognized-by-the-dubai-police-during-the-resilience-forum/index.html]
[www.aud.edu/all-events/the-importance-of-power-flow-control-in-advancing-pv-system-deployments/index.html]
[www.aud.edu/all-events/sewerage-modeling-workshop-by-bentley-systems/index.html]
[www.aud.edu/university-overview/administrative-offices/office-of-external-outreach-and-career-development/career-services/index.html]
[www.aud.edu/faculty-and-staff/dr-david-a-schmidt/index.html]
[www.aud.edu/university-overview/administrative-offices/office-of-external-outreach-and-career-development/alumni/index.html]
[www.aud.edu/admissions/undergraduate/index.html]
[www.aud.edu/university-overview/policies/academic-policies/index.html]
[www.aud.edu/on-aud-campus/accommodation/halls/index.html]
[www.aud.edu/admissions/prospective-students/index.html]
[www.aud.edu/maps-and-directions/index.html]
[www.aud.edu/download-center/index.html]
[www.aud.edu/aud-podcast-channel/index.html]
[www.aud.edu/privacy-policy/index.html]
[www.aud.edu/sitemap/index.html]
[www.aud.edu/dist/img/arms.png]
[www.aud.edu/dist/img/aud_sketch_white_tests_Compressd.png]
[connect.facebook.net/en_US/sdk/xfbml.customerchat.js]
[www.aud.edu/scripts/picturefill.min.js]
[www.aud.edu/scripts/lazysizes.min.js]
[www.aud.edu/dist/js/svgxuse.js]
[www.aud.edu/dist/js/bundle.min.js]
[www.aud.edu/scripts/marquee.js]
[www.aud.edu/scripts/jquery.easing.min.js]
[cdn.jsdelivr.net/npm/cookieconsent@3/build/cookieconsent.min.js]
[www.aud.edu/scripts/owl.carousel.js]
[www.aud.edu/scripts/homeslider.min.js]
[www.aud.edu/index.html]
[www.aud.edu/dist/js/app.min5e1f.js]
[www.aud.edu/dist/fonts/aud-iconsb3f0.eot]
[www.aud.edu/dist/fonts/aud-iconsb3f0.ttf]
[www.aud.edu/dist/fonts/aud-iconsb3f0.woff]
[www.aud.edu/dist/img/ie-bg-blur.jpg]
[www.aud.edu/dist/img/gif-bg.jpg]
[www.aud.edu/media/ujonmc3z/menu-bg-light.jpg]
[www.aud.edu/dist/img/aud-sketch_white.png]
[www.aud.edu/dist/css/app.min30f4.css]
[www.aud.edu/dist/fonts/Icons/icon3957.eot]
[www.aud.edu/dist/fonts/Icons/icon3957.ttf]
[www.aud.edu/dist/fonts/Icons/icon3957.woff]
[www.aud.edu/dist/css/Icon_style.css]
[www.aud.edu/dist/grabbing.png]
[www.aud.edu/dist/owl.carousel.css]
[www.aud.edu/dist/marquee5e1f.css]
[cdn.jsdelivr.net/npm/cookieconsent@3/build/cookieconsent.min.css]
[www.googletagmanager.com/gtm5445.html]
[www.aud.edu/c]
[www.aud.edu/b]
[www.aud.edu/POST]
[connect.facebook.net/en_US/fbevents.js]
[www.aud.edu/dist/simpleslider5e1f.css]
[www.aud.edu/media/3299/corona.jpg]
[www.aud.edu/media/1hlna44e/national-protocol-for-the-operation-of-educational-establishments-during-pandemic-twelveth-release.pdf]
[www.aud.edu/university-overview/policies/index.html]
[www.aud.edu/media/xjaon5ck/البروتوكول-الوطني-لتشغيل-المنشآت-التعليمية-في-أثناء-الجائحة-الإصدار-ال-twelveth-release.pdf]
[www.aud.edu/university-overview/policies/general-policies/index.html]
[www.aud.edu/media/es2h4kkf/general-classroom-guidelines-during-covid-fall-2022-ed2.pdf]
[www.aud.edu/faculty-and-staff/elias-bou-saab/index.html]
[www.aud.edu/media/5w2lc0xg/hyflex-remote-learning-and-examination-guidelines-fall-2022-ed2.pdf]
[www.aud.edu/centers-at-aud/crid/index.html]
[www.aud.edu/media/0azncpqp/covid19-pledge.pdf]
[www.aud.edu/centers-at-aud/middle-east-cities-center/index.html]
[www.aud.edu/media/ziup3m4u/remote-learning-and-examination-guidelines-students-fall2021.pdf]
[www.aud.edu/centers-at-aud/isac/index.html]
[www.aud.edu/media/kjdjplsm/online-learning-guidelines-students-fall2022.pdf]
[www.aud.edu/university-overview/archived-events/index.html]
[www.aud.edu/media/mz1hombf/aud-online-learning-guide.pdf]
[www.aud.edu/university-overview/archived-webinars-and-workshops/index.html]
[www.aud.edu/media/qbyay310/general-classroom-guidelines-during-covid-fall2022.pdf]
[www.aud.edu/updates/student-staff-and-faculty/index.html]
[www.aud.edu/media/en3dac4u/hyflex-remote-learning-and-examination-guidelines-fall2022.pdf]
[www.aud.edu/media/o4af1tqw/spring-2022-online-learning-guidelines-faculty.pdf]
[www.aud.edu/media/fo3fmbq4/general-classroom-guidelines-during-covid-spring-2022.pdf]
[www.aud.edu/media/lmzbwsem/spring-2022-online-learning-guidelines-students.pdf]
[www.aud.edu/media/0dvjx3sh/hyflex-remote-learning-and-examination-guidelines-spring-2022.pdf]
[www.aud.edu/media/2845/everything-you-need-to-know-ug.pdf]
[www.aud.edu/scripts/jquery-1.10.2.min.js]
[www.aud.edu/scripts/simpleslider.js]
[www.instagram.com/static/bundles/metro/EmbedSDK.js/d9addf525b6a.js]
[www.aud.edu/updates-on-covid-19/index.html]
[www.aud.edu/media/1506/fj1_1719.jpg]
[www.aud.edu/university-overview/upcoming-webinars-and-workshops/index.html]
[www.aud.edu/media/1492/dji_0035.jpg]
[www.aud.edu/media/1hll4qls/aboutaud-dji_0036-2.jpg]
[www.aud.edu/media/3409/aud-main-org-chart-010620.pdf]
[www.aud.edu/media/1339/fj1_0866.jpg]
[www.aud.edu/media/1165/contact-bg.jpg]
[www.aud.edu/university-overview/index.html]
[www.aud.edu/media/1144/bg_5.jpg]
[www.aud.edu/media/xe3juflb/mission-fj1_3381.jpg]
[www.aud.edu/university-overview/mission/index.html]
[www.aud.edu/media/w4qb5yty/aud-accreditation.jpg]
[www.aud.edu/media/1251/uae.png]
[www.aud.edu/media/1203/khda.png]
[www.aud.edu/media/o1xkm3th/sacscoc-stamp.jpg]
[www.aud.edu/media/2a1nmvqg/whitebg.jpg]
[www.aud.edu/aud/media/1885/aacsb-logo.png]
[www.aud.edu/aud/media/1887/iaa_logo.png]
[www.aud.edu/aud/media/1897/abet_130x130.jpg]
[www.aud.edu/aud/media/1889/acejmc.jpg]
[www.aud.edu/aud/media/1891/nasad_logo.jpg]
[www.aud.edu/media/3332/naab.png]
[www.aud.edu/media/dh1dtovy/aud-naab-2022-decision-letter.pdf]
[www.aud.edu/media/3zunrvyc/american-university-in-dubai-vtr-2021_public.pdf]
[www.aud.edu/media/yrbixc3j/naab-apr-march-2021.pdf]
[www.aud.edu/university-overview/accreditations/index.html]
[www.aud.edu/media/1464/fj1_0875.jpg]
[www.aud.edu/university-overview/why-study-at-aud/index.html]
[www.aud.edu/media/1466/fj1_0860.jpg]
[www.aud.edu/university-overview/history/index.html]
[www.aud.edu/media/1476/fj1_2804.jpg]
[www.aud.edu/media/2874/justin-cooper.jpg]
[www.aud.edu/leadership/mr-justin-g-cooper/index.html]
[www.aud.edu/media/2270/habib-al-mulla-compressor.jpg]
[www.aud.edu/leadership/dr-habib-al-mulla/index.html]
[www.aud.edu/aud/media/1868/elias-saab_face.jpg]
[www.aud.edu/leadership/mr-elias-n-bou-saab/index.html]
[www.aud.edu/media/2868/stephen-franklin.jpg]
[www.aud.edu/leadership/dr-stephen-g-franklin/index.html]
[www.aud.edu/media/1721/fj1_1122-lance-de-masi.jpg]
[www.aud.edu/leadership/dr-lance-de-masi/index.html]
[www.aud.edu/media/2267/joseph-ghossoub-compressor.jpg]
[www.aud.edu/leadership/mr-joseph-ghossoub/index.html]
[www.aud.edu/media/1tmb50ml/drdavid_fj10993thumbca1b.jpg]
[www.aud.edu/aud/media/1867/elias-saabca1b.jpg]
[www.aud.edu/media/1747/fj1_2833-sabrina-josephca1b.jpg]
[www.aud.edu/university-overview/aud-leadership/index.html]
[www.aud.edu/faculty-and-staff/sabrina-joseph/index.html]
[www.aud.edu/media/2xnh4zag/oficeofthepresident_fj18428.jpg]
[www.aud.edu/media/1tmb50ml/drdavid_fj10993thumb.jpg]
[www.aud.edu/media/bospjjq1/presidentcabinet-fj1_2922.jpg]
[www.aud.edu/media/fh3pjw5n/award-fj1_3440.jpg]
[www.aud.edu/university-overview/aud-leadership/office-of-the-president/index.html]
[www.aud.edu/media/1553/fd0_0380-maya-amiounyca1b.jpg]
[www.aud.edu/faculty-and-staff/maya-amiouny/index.html]
[www.aud.edu/media/1542/dscf9976-angele-el-khouryca1b.jpg]
[www.aud.edu/faculty-and-staff/angele-el-khoury/index.html]
[www.aud.edu/faculty-and-staff/brigitte-howarth/index.html]
[www.aud.edu/media/osynrxnq/brigitte-img_5822-tca1b.jpg]
[www.aud.edu/media/04qdpj5e/saramontero_fj18365thumbca1b.jpg]
[www.aud.edu/university-overview/aud-leadership/office-of-the-president/presidents-cabinet/index.html]
[www.aud.edu/faculty-and-staff/sara-l-montero/index.html]
[www.aud.edu/media/ldjh0mf3/presidentsaward2021_img_6314.jpg]
[www.aud.edu/university-overview/aud-leadership/office-of-the-president/presidents-awards/2021/index.html]
[www.aud.edu/media/vnxepaem/bgembawall_img_5026.jpg]
[www.aud.edu/university-overview/aud-leadership/office-of-the-president/presidents-awards/2022/index.html]
[www.aud.edu/university-overview/aud-leadership/office-of-the-president/presidents-awards/index.html]
[www.aud.edu/media/tzkgamcg/1-qs-ranking-post-2021-007.jpg]
[www.aud.edu/media/f1odsz5k/2qs-ranking-post-2021-008.jpg]
[www.aud.edu/media/v4qgo2bx/3qs-ranking-post-2021-006.jpg]
[www.aud.edu/media/egklq2px/6qs-ranking-post-2021-003.jpg]
[www.aud.edu/media/r1ofm5fu/5qs-ranking-post-2021-004.jpg]
[www.aud.edu/media/v5bnmali/4qs-ranking-post-2021-002.jpg]
[www.aud.edu/university-overview/rankings/index.html]
[www.aud.edu/media/mq5pd3hf/dji_0009-compressor2.jpg]
[www.aud.edu/university-overview/facts-and-figures/index.html]
[www.aud.edu/media/1298/about_regist_cover.jpg]
[www.aud.edu/media/jyrcae5r/publications-fj1_2861.jpg]
[www.aud.edu/media/q0hdcru5/undergraduate-catalog-22-23.jpg]
[www.aud.edu/media/au5cgpw1/graduate-catalog-22-23.jpg]
[www.aud.edu/media/2504/aud-program-offerings-cip-code.pdf]
[www.aud.edu/media/40ikcg0h/student-handbook-22-23.jpg]
[www.aud.edu/media/giljuyoh/faculty-handbook-22-23.jpg]
[www.aud.edu/media/verja3bs/parent-handbook-22-23.jpg]
[www.aud.edu/media/r14m2d0s/housing-handbook-22-23.jpg]
[www.aud.edu/media/lgchh0sb/general-leaflets.jpg]
[www.aud.edu/media/2805/registrar-leaflet-2019.pdf]
[www.aud.edu/media/iyni1w02/registrar-leaflets.jpg]
[www.aud.edu/media/2443/student-services-leaflet-2016-2017_web.pdf]
[www.aud.edu/media/efhh4bzq/student-affair.jpg]
[www.aud.edu/media/2444/health-center-leaflet-2016-2017_web.pdf]
[www.aud.edu/media/0mxisxrk/health-center.jpg]
[www.aud.edu/media/e0ydxky5/undergraduate-catalog-2021-2022.pdf]
[www.aud.edu/media/3lmhyqo2/undergraduate-catalog-21-22.jpg]
[www.aud.edu/media/lqolqnzb/graduate-catalog-2021-2022.pdf]
[www.aud.edu/media/fdsnbokx/graduate-catalog-21-22.jpg]
[www.aud.edu/media/50kb4glf/undergraduate-catalog-2020-2021.pdf]
[www.aud.edu/media/c3hd1yg2/undergraduate-catalog-20-21.jpg]
[www.aud.edu/media/l1npoo3z/graduate-catalog-2020-2021.pdf]
[www.aud.edu/media/iamhpv1f/graduate-catalog-20-21.jpg]
[www.aud.edu/media/3136/undergraduate-catalog-2019-2020.pdf]
[www.aud.edu/media/qa2pnfll/undergraduate-catalog-19-20.jpg]
[www.aud.edu/media/3187/graduate-catalog-2019-2020.pdf]
[www.aud.edu/media/oqips01e/graduate-catalog-19-20.jpg]
[www.aud.edu/media/2081/undergraduate-catalog-2018-2019.pdf]
[www.aud.edu/media/doak0qxk/18-19-undergraduate-catalog.jpg]
[www.aud.edu/media/2881/graduate-catalog-2018-2019.pdf]
[www.aud.edu/media/15rdidlh/18-19-graduate-catalog.jpg]
[www.aud.edu/media/2450/undergraduate-catalog-2017-2018.pdf]
[www.aud.edu/media/5gvhhdea/17-18-undergraduate-catalog.jpg]
[www.aud.edu/media/2449/graduate-catalog-2017-2018.pdf]
[www.aud.edu/media/nvofdejv/17-18-graduate-catalog.jpg]
[www.aud.edu/media/2447/undergraduate-catalog-2016-2017.pdf]
